/COM,ANSYS RELEASE 2025 R1           BUILD 25.1      UP20241202       18:07:47

 *** WARNING ***                         CP =       1.484   TIME= 18:07:48
 Element shape checking is currently inactive.  Issue SHPP,ON or         
 SHPP,WARN to reactivate, if desired.                                    

 *** WARNING ***                         CP =       1.547   TIME= 18:07:49
 MPC184 elements are being used in the current analysis and the          
 NLGEOM,ON command has not been used.  Thus, only linearized behavior    
 will be considered.  If finite rotation and large deflection effects    
 are to be considered, please use the NLGEOM,ON command.                 

 *** WARNING ***                         CP =       1.547   TIME= 18:07:49
 The preconditioned conjugate gradient solver used by (EQSLV,PCG         
 command) only works for fully constrained models.  There are less than  
 3 constraints in the current model.  The solver has been reset to       
 sparse (EQSLV,SPARSE).                                                  

 *** WARNING ***                         CP =       1.609   TIME= 18:07:49
 Material number 6 (used by element 14073) should normally have at least 
 one MP or one TB type command associated with it.  Output of energy by  
 material may not be available.                                          

 *** WARNING ***                         CP =       1.609   TIME= 18:07:49
 No constraints have been defined using the D command.                   

 *** WARNING ***                         CP =       2.047   TIME= 18:07:49
 Overconstraint may occur for Lagrange multiplier or MPC based contact   
 algorithm.                                                              

 *** WARNING ***                         CP =       2.047   TIME= 18:07:49
 Certain contact elements (for example 16389 & 14254) overlap with       
 other.                                                                  

 *** WARNING ***                         CP =       2.344   TIME= 18:07:49
 Overconstraint may occur for Lagrange multiplier or MPC based contact   
 algorithm.                                                              

 *** WARNING ***                         CP =       2.344   TIME= 18:07:49
 Certain contact elements (for example 16389 & 14254) overlap with       
 other.                                                                  

 *** WARNING ***                         CP =       2.766   TIME= 18:07:49
 Overconstraint may occur for Lagrange multiplier or MPC based contact   
 algorithm.                                                              

 *** WARNING ***                         CP =       2.766   TIME= 18:07:49
 Certain contact elements (for example 16389 & 14254) overlap with       
 other.                                                                  

 *** WARNING ***                         CP =       4.250   TIME= 18:07:49
 Too many nodes 5825 are included in the force-distributed-surface       
 constraint identified by real constant set 4.  This may greatly affect  
 solver performance due to large wave fronts and memory consumption.     
 Also check results carefully and consider solving with a different      
 unit system.                                                            

 *** WARNING ***                         CP =       4.281   TIME= 18:07:49
 This model has one or more constraint equations that has 11343 terms.   
 This will lead to significantly higher memory requirements and          
 solution times.  At this point the solution will be terminated.  If     
 you wish to bypass this message to allow the solution to continue with  
 increased solution time and memory requirements, use the CEFILTER,OFF   
 command.                                                                

 *** WARNING ***                         CP =       5.344   TIME= 18:07:50
 Pivoting has been activated for the Distributed Sparse Matrix Solver .  
 The memory required may greatly exceed the predicted amount.  In that   
 event, use the DSPOPTION command to change the memory mode and/or       
 memory size used by the Distributed Sparse Matrix Solver.               
