/COM,ANSYS RELEASE 2025 R1           BUILD 25.1      UP20241202       12:59:50

 *** WARNING ***                         CP =       4.875   TIME= 12:59:52
 Element shape checking is currently inactive.  Issue SHPP,ON or         
 SHPP,WARN to reactivate, if desired.                                    

 *** WARNING ***                         CP =       5.188   TIME= 12:59:52
 MPC184 elements are being used in the current analysis and the          
 NLGEOM,ON command has not been used.  Thus, only linearized behavior    
 will be considered.  If finite rotation and large deflection effects    
 are to be considered, please use the NLGEOM,ON command.                 

 *** WARNING ***                         CP =       5.188   TIME= 12:59:52
 The preconditioned conjugate gradient solver used by (EQSLV,PCG         
 command) only works for fully constrained models.  There are less than  
 3 constraints in the current model.  The solver has been reset to       
 sparse (EQSLV,SPARSE).                                                  

 *** WARNING ***                         CP =       5.812   TIME= 12:59:52
 Material number 4 (used by element 230393) should normally have at      
 least one MP or one TB type command associated with it.  Output of      
 energy by material may not be available.                                

 *** WARNING ***                         CP =       5.812   TIME= 12:59:52
 No constraints have been defined using the D command.                   

 *** WARNING ***                         CP =      30.688   TIME= 13:00:08
 Pivoting has been activated for the Distributed Sparse Matrix Solver .  
 The memory required may greatly exceed the predicted amount.  In that   
 event, use the DSPOPTION command to change the memory mode and/or       
 memory size used by the Distributed Sparse Matrix Solver.               
