    *-------------------------------------------------------------*
    |                                                             |
    |  W E L C O M E   T O   T H E   A N S Y S (R)  P R O G R A M |
    |                                                             |
    *-------------------------------------------------------------*
    ***************************************************************
    *                  ANSYS 2025 R1 LEGAL NOTICES                *
    ***************************************************************
    *                                                             *
    * Copyright 2025 SAS IP, Inc.  All rights reserved.           *
    * Unauthorized use, distribution or duplication is            *
    * prohibited.                                                 *
    * ANSYS is a registered trademark of ANSYS, Inc or its        *
    * subsidiaries in the United States or other countries.       *
    *                                                             *
    * ANSYS, Inc. is UL registered                                *
    * ISO 9001:2008 Companies.                                    *
    *                                                             *
    ***************************************************************
    *                                                             *
    * THIS ANSYS SOFTWARE PRODUCT AND PROGRAM DOCUMENTATION       *
    * INCLUDE TRADE SECRETS AND CONFIDENTIAL AND PROPRIETARY      *
    * PRODUCTS OF ANSYS, INC., ITS SUBSIDIARIES, OR LICENSORS.    *
    * The software products and documentation are furnished by    *
    * ANSYS, Inc. or its subsidiaries under a software license    *
    * agreement that contains provisions concerning               *
    * non-disclosure, copying, length and nature of use,          *
    * compliance with exporting laws, warranties, disclaimers,    *
    * limitations of liability, and remedies, and other           *
    * provisions.  The software products and documentation may be *
    * used, disclosed, transferred, or copied only in accordance  *
    * with the terms and conditions of that software license      *
    * agreement.                                                  *
    *                                                             *
    * See the ANSYS, Inc. online documentation or the ANSYS, Inc. *
    * documentation CD for the complete Legal Notice.             *
    *                                                             *
    ***************************************************************
    *                                                             *
    * This product is subject to US laws governing export and     *
    * re-export.                                                  *
    *                                                             *
    * For U.S. Government users, except as specifically granted   *
    * by the ANSYS, Inc. software license agreement, the use,     *
    * duplication, or disclosure by the United States Government  *
    * is subject to restrictions stated in the ANSYS, Inc.        *
    * software license agreement and FAR 12.212 (for non-DOD      *
    * licenses).                                                  *
    *                                                             *
    ***************************************************************
    Version No 25,2024,318,1


    Ansys Mechanical Enterprise

    ______________________________________________________________________________________________________________________________
    Initializing transient simulation



    Position correction is enabled.
    Velocity correction is enabled.
    Correction uses Pure Kinematic.
    Assembly uses Inertia Matrix.


    Creating Internal Loads
    Creating Flexible Bodies Internal Drivers
    Updating Loads and Drivers Based On Internal Joint Representation
    Updating Stops Based On Internal Joint Representation
    Creating Stops Contact Points
    Updating Relations Based On Internal Joint Representation
    Initializing Transient Analysis

    ______________________________________________________________________________________________________________________________
    Starting assembly simulation

    Convergence reached after 1 Iteration


    Analysis of model redundancies:
    Joint Cylindrical - Actuador|Base actuador|PartBody To Actuador|Vastago actuador|PartBody shows some constraint redundancies
    X Translation constraint equation was at time redundant
    Y Rotation constraint equation was at time redundant
 
 

    _________________________________________________________________________
    Starting transient simulation

    Using Runge-Kutta 4 time integration

    Model Summary:

    Number of effective bodies: 14
    Total Number of Joints: 14 (13 based on degrees of freedom, 1 based on constraint equations)
        1 Joint of Type Cylindrical
        8 Joints of Type Revolute
        1 Joint of Type Translational
        4 Joints of Type Weld

    Number of Physical Degrees of Freedom: 9

    _________________________________________________________________________


    Time:      0 s - Status of loads and joint conditions
     - Joint Condition "Joint - Rotational Velocity ( Load Step 0 )" is active
     - Joint Condition "Joint - Velocity ( Load Step 0 )" is active
 

    End of Transient Initialization
    Current Time:      0 s Current time step 0.01 s
    Current Time:   0.42 s Current time step 0.05 s
    Current Time:   0.92 s Current time step 0.05 s
    Current Time:   1.42 s Current time step 0.05 s
    Current Time:   1.92 s Current time step 0.05 s
    Current Time:   2.42 s Current time step 0.05 s
    Current Time:   2.92 s Current time step 0.05 s
    Current Time:   3.42 s Current time step 0.05 s
    Current Time:   3.92 s Current time step 0.05 s
    Current Time:   4.42 s Current time step 0.05 s
    Current Time:   4.92 s Current time step 0.05 s
    Current Time:   5.42 s Current time step 0.05 s
    Current Time:   5.92 s Current time step 0.05 s
    Current Time:   6.42 s Current time step 0.05 s
    Current Time:   6.92 s Current time step 0.05 s
    Current Time:   7.42 s Current time step 0.05 s
    Current Time:   7.92 s Current time step 0.05 s
    Current Time:   8.42 s Current time step 0.05 s
    Current Time:   8.92 s Current time step 0.05 s
    Current Time:   9.42 s Current time step 0.05 s
    Current Time:   9.92 s Current time step 0.05 s
    Current Time:  10.42 s Current time step 0.05 s
    Current Time:  10.92 s Current time step 0.05 s
    Current Time:  11.42 s Current time step 0.05 s
    Current Time:  11.92 s Current time step 0.05 s
    Current Time:  12.42 s Current time step 0.05 s
    Current Time:  12.92 s Current time step 0.05 s
    Current Time:  13.42 s Current time step 0.05 s
    Current Time:  13.92 s Current time step 0.05 s
    Current Time:  14.42 s Current time step 0.05 s
    Current Time:  14.92 s Current time step 0.05 s
    Current Time:  15.42 s Current time step 0.05 s
    Current Time:  15.92 s Current time step 0.05 s
    Current Time:  16.42 s Current time step 0.05 s
    Current Time:  16.92 s Current time step 0.05 s
    Current Time:  17.42 s Current time step 0.05 s
    Current Time:  17.92 s Current time step 0.05 s
    Current Time:  18.42 s Current time step 0.05 s
    Current Time:  18.92 s Current time step 0.05 s
    Current Time:  19.42 s Current time step 0.05 s
    Current Time:  19.92 s Current time step 0.05 s
    Current Time:  20.42 s Current time step 0.05 s
    Current Time:  20.92 s Current time step 0.05 s
    Current Time:  21.42 s Current time step 0.05 s
    Current Time:  21.92 s Current time step 0.05 s
    Current Time:  22.42 s Current time step 0.05 s
    Current Time:  22.92 s Current time step 0.05 s
    Current Time:  23.42 s Current time step 0.05 s
    Current Time:  23.92 s Current time step 0.05 s
    Current Time:  24.42 s Current time step 0.05 s
    Current Time:  24.92 s Current time step 0.05 s
    Current Time:  25.42 s Current time step 0.05 s
    Current Time:  25.92 s Current time step 0.05 s
    Current Time:  26.42 s Current time step 0.05 s
    Current Time:  26.92 s Current time step 0.05 s
    Current Time:  27.42 s Current time step 0.05 s
    Current Time:  27.92 s Current time step 0.05 s
    Current Time:  28.42 s Current time step 0.05 s
    Current Time:  28.92 s Current time step 0.05 s
    Current Time:  29.42 s Current time step 0.05 s
    Current Time:  29.92 s Current time step 0.05 s

    ______________________________________________________________________________________________________________________________

    Total number of time steps: 602
    Average time step: 0.0498339

    Number of rejected time steps: 0
    Number of discontinuities: 0
    Number of saved transient configurations: 603
    Maximum relative error: 1.30066e-09 (%)
    Number of position correction iterations: 603
    Number of velocity correction steps: 0

    End of Transient Simulation. CPU Time 0.484375 Elapsed Time 0.467


    ______________________________________________________________________________________________________________________________

    Analysis of model redundancies:
    Joint Cylindrical - Actuador|Base actuador|PartBody To Actuador|Vastago actuador|PartBody shows some constraint redundancies
    X Translation constraint equation was at time redundant
    Y Rotation constraint equation was at time redundant
 
